../Core/Src/main.c:74:7:map	32	static
../Core/Src/main.c:81:7:analogToVoltage	16	static
../Core/Src/main.c:92:10:gammaCorrect	24	static
../Core/Src/main.c:105:5:main	24	static
../Core/Src/main.c:171:6:SystemClock_Config	88	static
../Core/Src/main.c:222:13:MX_ADC1_Init	24	static
../Core/Src/main.c:271:13:MX_TIM3_Init	64	static
../Core/Src/main.c:330:13:MX_USART2_UART_Init	8	static
../Core/Src/main.c:359:13:MX_DMA_Init	16	static
../Core/Src/main.c:376:13:MX_GPIO_Init	48	static
../Core/Src/main.c:417:6:Error_Handler	4	static,ignoring_inline_asm
