../Drivers/CMSIS/Include/core_cm4.h:2064:26:ITM_SendChar	4
../Core/Src/main.c:74:7:map	1
../Core/Src/main.c:81:7:analogToVoltage	1
../Core/Src/main.c:91:10:gammaCorrect	1
../Core/Src/main.c:103:5:main	1
../Core/Src/main.c:172:6:SystemClock_Config	4
../Core/Src/main.c:227:13:MX_ADC1_Init	3
../Core/Src/main.c:279:13:MX_TIM3_Init	7
../Core/Src/main.c:342:13:MX_USART2_UART_Init	2
../Core/Src/main.c:373:13:MX_DMA_Init	1
../Core/Src/main.c:391:13:MX_GPIO_Init	1
../Core/Src/main.c:426:5:__io_putchar	1
../Core/Src/main.c:437:6:Error_Handler	1
