../Drivers/CMSIS/Include/core_cm4.h:2064:26:ITM_SendChar	16	static,ignoring_inline_asm
../Core/Src/main.c:74:7:map	32	static
../Core/Src/main.c:81:7:analogToVoltage	16	static
../Core/Src/main.c:91:10:gammaCorrect	24	static
../Core/Src/main.c:103:5:main	16	static
../Core/Src/main.c:172:6:SystemClock_Config	88	static
../Core/Src/main.c:227:13:MX_ADC1_Init	24	static
../Core/Src/main.c:279:13:MX_TIM3_Init	64	static
../Core/Src/main.c:342:13:MX_USART2_UART_Init	8	static
../Core/Src/main.c:373:13:MX_DMA_Init	16	static
../Core/Src/main.c:391:13:MX_GPIO_Init	48	static
../Core/Src/main.c:426:5:__io_putchar	16	static
../Core/Src/main.c:437:6:Error_Handler	4	static,ignoring_inline_asm
